// Jest Snapshot v1, https://goo.gl/fbAQLP

exports[`renders cards as expected 1`] = `
<div
  className="Card"
>
  <h3>
    title
  </h3>
  <p>
    content
  </p>
  <p />
</div>
`;
